// Jest Snapshot v1, https://goo.gl/fbAQLP

exports[`Header Match Snapshot 1`] = `
<header
  className="MuiPaper-root MuiAppBar-root MuiAppBar-positionFixed MuiAppBar-colorPrimary App-header mui-fixed MuiPaper-elevation4"
>
  <div
    className="MuiToolbar-root MuiToolbar-regular MuiToolbar-gutters"
  >
    <div
      className="MuiGrid-root MuiGrid-container"
    >
      <button
        className="MuiButtonBase-root MuiIconButton-root MuiIconButton-colorInherit Mui-disabled Mui-disabled"
        disabled={true}
        onBlur={[Function]}
        onClick={[Function]}
        onDragLeave={[Function]}
        onFocus={[Function]}
        onKeyDown={[Function]}
        onKeyUp={[Function]}
        onMouseDown={[Function]}
        onMouseLeave={[Function]}
        onMouseUp={[Function]}
        onTouchEnd={[Function]}
        onTouchMove={[Function]}
        onTouchStart={[Function]}
        tabIndex={-1}
        type="button"
      >
        <span
          className="MuiIconButton-label"
        >
          <svg
            aria-hidden={true}
            className="MuiSvgIcon-root"
            focusable="false"
            viewBox="0 0 24 24"
          >
            <path
              d="M3 18h18v-2H3v2zm0-5h18v-2H3v2zm0-7v2h18V6H3z"
            />
          </svg>
        </span>
      </button>
      <div
        className="App-logo"
      />
    </div>
  </div>
</header>
`;
