// Jest Snapshot v1, https://goo.gl/fbAQLP

exports[`Header 1`] = `
<nav
  className="main-header navbar navbar-expand navbar-white navbar-light"
>
  <ul
    className="navbar-nav"
  >
    <li
      className="nav-item"
    >
      <a
        className="nav-link"
        data-widget="pushmenu"
        href="#"
      >
        <i
          className="fas fa-bars"
        />
      </a>
    </li>
  </ul>
</nav>
`;
